Report time       : Πεμ 14 Νοε 2019 11:15:27 μμ EET.
Solution          : solution1.
Simulation tool   : xsim.

+----------+----------+-----------------------------------------------+-----------------------------------------------+
|          |          |                    Latency                    |                    Interval                   |
+   RTL    +  Status  +-----------------------------------------------+-----------------------------------------------+
|          |          |      min      |      avg      |      max      |      min      |      avg      |      max      |
+----------+----------+-----------------------------------------------+-----------------------------------------------+
|      VHDL|        NA|             NA|             NA|             NA|             NA|             NA|             NA|
|   Verilog|      Pass|             75|             75|             75|             NA|             NA|             NA|
+----------+----------+-----------------------------------------------+-----------------------------------------------+
