#-----------------------------------------------------------
# Webtalk v2019.1 (64-bit)
# SW Build 2552052 on Fri May 24 14:47:09 MDT 2019
# IP Build 2548770 on Fri May 24 18:01:18 MDT 2019
# Start of session at: Fri Nov 22 23:01:00 2019
# Process ID: 14340
# Current directory: /home/epetrakos/Documents/GitHub/HRY591-project/code/part2b/ap_uint/accel16/accel16_uint/solution1/sim/verilog
# Command line: wbtcv -mode batch -source /home/epetrakos/Documents/GitHub/HRY591-project/code/part2b/ap_uint/accel16/accel16_uint/solution1/sim/verilog/xsim.dir/myFuncAccel16/webtalk/xsim_webtalk.tcl -notrace
# Log file: /home/epetrakos/Documents/GitHub/HRY591-project/code/part2b/ap_uint/accel16/accel16_uint/solution1/sim/verilog/webtalk.log
# Journal file: /home/epetrakos/Documents/GitHub/HRY591-project/code/part2b/ap_uint/accel16/accel16_uint/solution1/sim/verilog/webtalk.jou
#-----------------------------------------------------------
source /home/epetrakos/Documents/GitHub/HRY591-project/code/part2b/ap_uint/accel16/accel16_uint/solution1/sim/verilog/xsim.dir/myFuncAccel16/webtalk/xsim_webtalk.tcl -notrace
